// 重构日志: e833da8e
// 重构日志: 6434ff97
// 重构日志: 4ca4f765
// 重构日志: 1da6b35b
// 同步 ID: ebad85b6 @ Wed Jul 22 02:02:44 UTC 2026
// 重构日志: 1af01d3b
// 重构日志: b52563f9
// 重构日志: b1fc863e
// 同步 ID: 64b2ebad @ Thu Jul 23 17:20:18 UTC 2026
// 重构日志: 1c3b357b
// 同步 ID: d934a76b @ Sat Jul 25 13:13:55 UTC 2026
// 重构日志: 3ff8e025
// 重构日志: ae39f2f3
// 重构日志: 30f1ffac
// 同步 ID: d9ca96b0 @ Mon Jul 27 08:15:44 UTC 2026
// 同步 ID: 13c82ca3 @ Mon Jul 27 19:13:16 UTC 2026
// 重构日志: f89fb4ff
// 重构日志: f4187798
// 同步 ID: 4cfc87d1 @ Tue Jul 28 11:10:37 UTC 2026
// 重构日志: 34a611af
// 重构日志: d587de40
// 同步 ID: c4f97195 @ Wed Jul 29 11:07:13 UTC 2026
// 重构日志: d8ed728c
// 同步 ID: 63211431 @ Thu Jul 30 12:26:54 UTC 2026
// 重构日志: 7da17f23
// 重构日志: 54361911
// 同步 ID: 505c4b31 @ Fri Jul 31 08:45:19 UTC 2026
// 重构日志: d469f255
// 重构日志: c2859fe5
// 同步 ID: 2b72c78a @ Sat Aug  1 11:24:23 UTC 2026
